// Jest Snapshot v1, https://goo.gl/fbAQLP

exports[`snapshot 1`] = `
<DocumentFragment>
  <img
    alt="product logo"
    class="product-logo"
    src=""
  />
</DocumentFragment>
`;
