// Jest Snapshot v1, https://goo.gl/fbAQLP

exports[`snapshot 1`] = `
<DocumentFragment>
  <div
    class="wrapper"
  >
    <header>
      <img
        alt="product logo"
        class="product-logo"
        src=""
      />
      <ul>
        <li>
          <a
            href="/"
          >
            ほーむ
          </a>
        </li>
        <li>
          <a
            href="/about/"
          >
            あばうと
          </a>
        </li>
      </ul>
    </header>
    <main>
      <p>
        content
      </p>
    </main>
  </div>
</DocumentFragment>
`;
