// Jest Snapshot v1, https://goo.gl/fbAQLP

exports[`snapshot 1`] = `
<DocumentFragment>
  <h2
    class="article-headline"
  >
    headline
  </h2>
</DocumentFragment>
`;
